SUCCESS

 RUN  v4.1.4 F:/CampusWay/CampusWay/frontend

 ↓ src/__tests__/properties/uiAccessBugCondition.prop.test.tsx > Bug Condition Exploration — UI Inaccessible When Backend Unreachable > auth bootstrap resolves isLoading to false within 12s when refreshAccessToken never resolves
 ✓ src/__tests__/properties/uiAccessBugCondition.prop.test.tsx > Bug Condition Exploration — UI Inaccessible When Backend Unreachable > Navbar renders a Login button/link when auth is loading 143ms
 ↓ src/__tests__/properties/uiAccessBugCondition.prop.test.tsx > Bug Condition Exploration — UI Inaccessible When Backend Unreachable > AdminGuardShell redirects to admin login within timeout when isLoading persists
 ↓ src/__tests__/properties/uiAccessBugCondition.prop.test.tsx > Bug Condition Exploration — UI Inaccessible When Backend Unreachable > /exams route renders content for unauthenticated users without redirect to /login
 ↓ src/__tests__/properties/uiAccessBugCondition.prop.test.tsx > Bug Condition Exploration — UI Inaccessible When Backend Unreachable > News page shows error state with retry button when API fails

 Test Files  1 passed (1)
      Tests  1 passed | 4 skipped (5)
   Start at  08:41:58
   Duration  11.88s (transform 3.52s, setup 1.45s, import 3.58s, tests 147ms, environment 4.55s)

