src/pages/student/StudentDashboard.tsx(68,55): error TS2352: Conversion of type 'StudentExamHistoryItem' to type 'Record<string, unknown>' may be a mistake because neither type sufficiently overlaps with the other. If this was intentional, convert the expression to 'unknown' first.
  Index signature for type 'string' is missing in type 'StudentExamHistoryItem'.
